GNU bash, version 4.4.20(1)-release (x86_64-pc-linux-gnu)
 cloning into https://github.com/saurabh1610737281/pps-IA1-pra
 
 gcc -g p1original.c
 gdb a.out
GNU gdb (Ubuntu 8.1.1-0ubuntu1) 8.1.1
Copyright (C) 2018 Free Software Foundation, Inc.
License GPLv3+: GNU GPL version 3 or later <http://gnu.org/licenses/gpl.html>
This is free software: you are free to change and redistribute it.
There is NO WARRANTY, to the extent permitted by law.  Type "show copying"
and "show warranty" for details.
This GDB was configured as "x86_64-linux-gnu".
Type "show configuration" for configuration details.
For bug reporting instructions, please see:
<http://www.gnu.org/software/gdb/bugs/>.
Find the GDB manual and other documentation resources online at:
<http://www.gnu.org/software/gdb/documentation/>.
For help, type "help".
Type "apropos word" to search for commands related to "word"...
Reading symbols from a.out...done.
(gdb) b main
Breakpoint 1 at 0x772: file p1original.c, line 5.
(gdb) r
Starting program: /home/runner/pps-IA1-practice/a.out 
warning: Error disabling address space randomization: Operation not permitted

Breakpoint 1, main () at p1original.c:5
5   {
(gdb) n
9       printf("Enter the two number: \n");
(gdb) n
Enter the two number: 
10      scanf("%d %d", &num1, &num2);
(gdb) n
n
12      result=(num1,num2);
(gdb) n
14      printf("\nAddition of %d and %d is %d\n", num1, num2, result);
(gdb) n

Addition of 22059 and 1369840016 is 1369840016
16  }
(gdb) n
__libc_start_main (main=0x562b9100076a <main>, argc=1, argv=0x7ffd51a61998, 
    init=<optimized out>, fini=<optimized out>, rtld_fini=<optimized out>, 
    stack_end=0x7ffd51a61988) at ../csu/libc-start.c:344
344 ../csu/libc-start.c: No such file or directory.
(gdb) n
[Inferior 1 (process 86) exited normally]
(gdb) n
The program is not being run.
(gdb) 